[preview.colorlib.com/theme/magnews2/index.html]
[backblue.gif]
[fade.gif]
[index.html]
[preview.colorlib.com/theme/magnews2/images/icons/favicon.png]
[preview.colorlib.com/theme/magnews2/vendor/bootstrap/css/bootstrap.min.css]
[preview.colorlib.com/theme/magnews2/fonts/fontawesome-5.0.8/css/fontawesome-all.min.css]
[preview.colorlib.com/theme/magnews2/fonts/iconic/css/material-design-iconic-font.min.css]
[preview.colorlib.com/theme/magnews2/vendor/animate/animate.css]
[preview.colorlib.com/theme/magnews2/vendor/css-hamburgers/hamburgers.min.css]
[preview.colorlib.com/theme/magnews2/vendor/animsition/css/animsition.min.css]
[preview.colorlib.com/theme/magnews2/css/util.min.css]
[preview.colorlib.com/theme/magnews2/css/main.css]
[preview.colorlib.com/theme/magnews2/images/icons/icon-night.png]
[preview.colorlib.com/theme/magnews2/images/icons/logo-01.png]
[preview.colorlib.com/theme/magnews2/home-02.html]
[preview.colorlib.com/theme/magnews2/home-03.html]
[preview.colorlib.com/theme/magnews2/category-01.html]
[preview.colorlib.com/theme/magnews2/category-02.html]
[preview.colorlib.com/theme/magnews2/blog-grid.html]
[preview.colorlib.com/theme/magnews2/blog-list-01.html]
[preview.colorlib.com/theme/magnews2/blog-list-02.html]
[preview.colorlib.com/theme/magnews2/blog-detail-01.html]
[preview.colorlib.com/theme/magnews2/blog-detail-02.html]
[preview.colorlib.com/theme/magnews2/about.html]
[preview.colorlib.com/theme/magnews2/contact.html]
[preview.colorlib.com/theme/magnews2/images/banner-01.jpg]
[preview.colorlib.com/theme/magnews2/images/post-05.jpg]
[preview.colorlib.com/theme/magnews2/images/post-10.jpg]
[preview.colorlib.com/theme/magnews2/images/post-14.jpg]
[preview.colorlib.com/theme/magnews2/images/post-36.jpg]
[preview.colorlib.com/theme/magnews2/images/post-50.jpg]
[preview.colorlib.com/theme/magnews2/images/post-08.jpg]
[preview.colorlib.com/theme/magnews2/images/post-07.jpg]
[preview.colorlib.com/theme/magnews2/images/post-06.jpg]
[preview.colorlib.com/theme/magnews2/images/post-21.jpg]
[preview.colorlib.com/theme/magnews2/images/post-24.jpg]
[preview.colorlib.com/theme/magnews2/images/post-22.jpg]
[preview.colorlib.com/theme/magnews2/images/post-23.jpg]
[preview.colorlib.com/theme/magnews2/images/post-25.jpg]
[preview.colorlib.com/theme/magnews2/images/post-27.jpg]
[preview.colorlib.com/theme/magnews2/images/post-26.jpg]
[preview.colorlib.com/theme/magnews2/images/post-34.jpg]
[preview.colorlib.com/theme/magnews2/images/post-35.jpg]
[preview.colorlib.com/theme/magnews2/images/post-37.jpg]
[preview.colorlib.com/theme/magnews2/images/post-38.jpg]
[preview.colorlib.com/theme/magnews2/images/post-39.jpg]
[preview.colorlib.com/theme/magnews2/images/post-41.jpg]
[preview.colorlib.com/theme/magnews2/images/post-42.jpg]
[preview.colorlib.com/theme/magnews2/images/post-40.jpg]
[preview.colorlib.com/theme/magnews2/images/post-11.jpg]
[preview.colorlib.com/theme/magnews2/images/post-01.jpg]
[preview.colorlib.com/theme/magnews2/images/post-02.jpg]
[preview.colorlib.com/theme/magnews2/images/post-03.jpg]
[preview.colorlib.com/theme/magnews2/images/post-04.jpg]
[preview.colorlib.com/theme/magnews2/images/post-09.jpg]
[preview.colorlib.com/theme/magnews2/images/post-12.jpg]
[preview.colorlib.com/theme/magnews2/images/post-13.jpg]
[preview.colorlib.com/theme/magnews2/images/post-15.jpg]
[preview.colorlib.com/theme/magnews2/images/post-16.jpg]
[preview.colorlib.com/theme/magnews2/images/post-17.jpg]
[preview.colorlib.com/theme/magnews2/images/post-18.jpg]
[preview.colorlib.com/theme/magnews2/images/banner-02.jpg]
[preview.colorlib.com/theme/magnews2/images/latest-01.jpg]
[preview.colorlib.com/theme/magnews2/images/latest-02.jpg]
[preview.colorlib.com/theme/magnews2/images/latest-03.jpg]
[preview.colorlib.com/theme/magnews2/images/latest-04.jpg]
[preview.colorlib.com/theme/magnews2/images/latest-05.jpg]
[preview.colorlib.com/theme/magnews2/images/latest-06.jpg]
[preview.colorlib.com/theme/magnews2/images/video-01.jpg]
[preview.colorlib.com/theme/magnews2/images/icons/logo-02.png]
[preview.colorlib.com/theme/magnews2/images/popular-post-01.jpg]
[preview.colorlib.com/theme/magnews2/images/popular-post-02.jpg]
[preview.colorlib.com/theme/magnews2/images/popular-post-03.jpg]
[preview.colorlib.com/theme/magnews2/vendor/jquery/jquery-3.2.1.min.js]
[preview.colorlib.com/theme/magnews2/vendor/animsition/js/animsition.min.js]
[preview.colorlib.com/theme/magnews2/vendor/bootstrap/js/popper.js]
[preview.colorlib.com/theme/magnews2/vendor/bootstrap/js/bootstrap.min.js]
[preview.colorlib.com/theme/magnews2/js/main.js]
[preview.colorlib.com/theme/magnews2/index.html]
[preview.colorlib.com/theme/magnews2/vendor/bootstrap/css/bootstrap.min.css]
[preview.colorlib.com/theme/magnews2/fonts/fontawesome-5.0.8/webfonts/fa-brands-400.eot]
[preview.colorlib.com/theme/magnews2/fonts/fontawesome-5.0.8/webfonts/fa-brands-400d41d.eot]
[preview.colorlib.com/theme/magnews2/fonts/fontawesome-5.0.8/webfonts/fa-brands-400.woff2]
[preview.colorlib.com/theme/magnews2/fonts/fontawesome-5.0.8/webfonts/fa-brands-400.woff]
[preview.colorlib.com/theme/magnews2/fonts/fontawesome-5.0.8/webfonts/fa-brands-400.ttf]
[preview.colorlib.com/theme/magnews2/fonts/fontawesome-5.0.8/webfonts/fa-brands-400.svg]
[preview.colorlib.com/theme/magnews2/fonts/fontawesome-5.0.8/webfonts/fa-regular-400.eot]
[preview.colorlib.com/theme/magnews2/fonts/fontawesome-5.0.8/webfonts/fa-regular-400d41d.eot]
[preview.colorlib.com/theme/magnews2/fonts/fontawesome-5.0.8/webfonts/fa-regular-400.woff2]
[preview.colorlib.com/theme/magnews2/fonts/fontawesome-5.0.8/webfonts/fa-regular-400.woff]
[preview.colorlib.com/theme/magnews2/fonts/fontawesome-5.0.8/webfonts/fa-regular-400.ttf]
[preview.colorlib.com/theme/magnews2/fonts/fontawesome-5.0.8/webfonts/fa-regular-400.svg]
[preview.colorlib.com/theme/magnews2/fonts/fontawesome-5.0.8/webfonts/fa-solid-900.eot]
[preview.colorlib.com/theme/magnews2/fonts/fontawesome-5.0.8/webfonts/fa-solid-900d41d.eot]
[preview.colorlib.com/theme/magnews2/fonts/fontawesome-5.0.8/webfonts/fa-solid-900.woff2]
[preview.colorlib.com/theme/magnews2/fonts/fontawesome-5.0.8/webfonts/fa-solid-900.woff]
[preview.colorlib.com/theme/magnews2/fonts/fontawesome-5.0.8/webfonts/fa-solid-900.ttf]
[preview.colorlib.com/theme/magnews2/fonts/fontawesome-5.0.8/css/fontawesome-all.min.css]
[preview.colorlib.com/theme/magnews2/fonts/iconic/fonts/Material-Design-Iconic-Fontd1f1.woff2]
[preview.colorlib.com/theme/magnews2/fonts/fontawesome-5.0.8/webfonts/fa-solid-900.svg]
[preview.colorlib.com/theme/magnews2/fonts/iconic/fonts/Material-Design-Iconic-Fontd1f1.woff]
[preview.colorlib.com/theme/magnews2/fonts/iconic/css/material-design-iconic-font.min.css]
[preview.colorlib.com/theme/magnews2/vendor/animate/animate.css]
[preview.colorlib.com/theme/magnews2/vendor/css-hamburgers/hamburgers.min.css]
[preview.colorlib.com/theme/magnews2/vendor/animsition/css/animsition.min.css]
[preview.colorlib.com/theme/magnews2/css/util.min.css]
[preview.colorlib.com/theme/magnews2/fonts/iconic/fonts/Material-Design-Iconic-Fontd1f1.ttf]
[preview.colorlib.com/theme/magnews2/fonts/Roboto/Roboto-Regular.ttf]
[preview.colorlib.com/theme/magnews2/fonts/Roboto/Roboto-Medium.ttf]
[preview.colorlib.com/theme/magnews2/fonts/Roboto/Roboto-Bold.ttf]
[preview.colorlib.com/theme/magnews2/fonts/Roboto/Roboto-Black.ttf]
[preview.colorlib.com/theme/magnews2/css/main.css]
[preview.colorlib.com/cdn-cgi/zaraz/sd0d9.js]
[preview.colorlib.com/theme/magnews2/fonts/Lato/Lato-Regular.ttf]
[preview.colorlib.com/theme/magnews2/images/post-19.jpg]
[preview.colorlib.com/theme/magnews2/images/post-20.jpg]
[preview.colorlib.com/theme/magnews2/home-02.html]
[preview.colorlib.com/theme/magnews2/images/post-28.jpg]
[preview.colorlib.com/theme/magnews2/images/post-29.jpg]
[preview.colorlib.com/theme/magnews2/images/post-30.jpg]
[preview.colorlib.com/theme/magnews2/images/post-31.jpg]
[preview.colorlib.com/theme/magnews2/images/post-32.jpg]
[preview.colorlib.com/theme/magnews2/images/post-33.jpg]
[preview.colorlib.com/theme/magnews2/images/post-43.jpg]
[preview.colorlib.com/theme/magnews2/images/post-44.jpg]
[preview.colorlib.com/theme/magnews2/images/post-45.jpg]
[preview.colorlib.com/theme/magnews2/images/post-46.jpg]
[preview.colorlib.com/theme/magnews2/images/post-47.jpg]
[preview.colorlib.com/theme/magnews2/images/post-48.jpg]
[preview.colorlib.com/theme/magnews2/images/post-49.jpg]
[preview.colorlib.com/theme/magnews2/images/banner-03.jpg]
[preview.colorlib.com/theme/magnews2/home-03.html]
[preview.colorlib.com/theme/magnews2/fonts/font-awesome-4.7.0/css/font-awesome.min.css]
[preview.colorlib.com/theme/magnews2/images/entertaiment-01.jpg]
[preview.colorlib.com/theme/magnews2/images/entertaiment-02.jpg]
[preview.colorlib.com/theme/magnews2/images/entertaiment-03.jpg]
[preview.colorlib.com/theme/magnews2/images/entertaiment-04.jpg]
[preview.colorlib.com/theme/magnews2/images/entertaiment-05.jpg]
[preview.colorlib.com/theme/magnews2/images/entertaiment-06.jpg]
[preview.colorlib.com/theme/magnews2/images/entertaiment-07.jpg]
[preview.colorlib.com/theme/magnews2/images/entertaiment-08.jpg]
[preview.colorlib.com/theme/magnews2/images/entertaiment-09.jpg]
[preview.colorlib.com/theme/magnews2/images/entertaiment-10.jpg]
[preview.colorlib.com/theme/magnews2/images/entertaiment-11.jpg]
[preview.colorlib.com/theme/magnews2/images/entertaiment-12.jpg]
[preview.colorlib.com/theme/magnews2/images/entertaiment-13.jpg]
[preview.colorlib.com/theme/magnews2/images/entertaiment-14.jpg]
[preview.colorlib.com/theme/magnews2/images/entertaiment-15.jpg]
[preview.colorlib.com/theme/magnews2/category-01.html]
[preview.colorlib.com/theme/magnews2/images/entertaiment-16.jpg]
[preview.colorlib.com/theme/magnews2/images/entertaiment-17.jpg]
[preview.colorlib.com/theme/magnews2/images/entertaiment-18.jpg]
[preview.colorlib.com/theme/magnews2/images/entertaiment-19.jpg]
[preview.colorlib.com/theme/magnews2/images/entertaiment-20.jpg]
[preview.colorlib.com/theme/magnews2/images/entertaiment-21.jpg]
[preview.colorlib.com/theme/magnews2/category-02.html]
[preview.colorlib.com/theme/magnews2/blog-grid.html]
[preview.colorlib.com/theme/magnews2/blog-list-01.html]
[preview.colorlib.com/theme/magnews2/images/blog-list-01.jpg]
[preview.colorlib.com/theme/magnews2/images/blog-list-02.jpg]
[preview.colorlib.com/theme/magnews2/images/blog-list-03.jpg]
[preview.colorlib.com/theme/magnews2/images/blog-list-04.jpg]
[preview.colorlib.com/theme/magnews2/images/blog-list-05.jpg]
[preview.colorlib.com/theme/magnews2/images/blog-list-06.jpg]
[preview.colorlib.com/theme/magnews2/blog-list-02.html]
[preview.colorlib.com/theme/magnews2/images/popular-post-04.jpg]
[preview.colorlib.com/theme/magnews2/images/popular-post-05.jpg]
[preview.colorlib.com/theme/magnews2/images/popular-post-06.jpg]
[preview.colorlib.com/theme/magnews2/blog-detail-01.html]
[preview.colorlib.com/theme/magnews2/images/blog-detail-01.jpg]
[preview.colorlib.com/theme/magnews2/blog-detail-02.html]
[preview.colorlib.com/theme/magnews2/about.html]
[preview.colorlib.com/theme/magnews2/contact.html]
[preview.colorlib.com/theme/magnews2/fonts/fontawesome-5.0.8/webfonts/fa-brands-400.svg]
[preview.colorlib.com/theme/magnews2/fonts/fontawesome-5.0.8/webfonts/fa-regular-400.svg]
[preview.colorlib.com/theme/magnews2/fonts/fontawesome-5.0.8/webfonts/fa-solid-900.svg]
[preview.colorlib.com/theme/magnews2/fonts/font-awesome-4.7.0/fonts/fontawesome-webfontd41d.eot]
[preview.colorlib.com/theme/magnews2/fonts/font-awesome-4.7.0/fonts/fontawesome-webfont3e6e.eot]
[preview.colorlib.com/theme/magnews2/fonts/font-awesome-4.7.0/fonts/fontawesome-webfont3e6e.woff2]
[preview.colorlib.com/theme/magnews2/fonts/font-awesome-4.7.0/fonts/fontawesome-webfont3e6e.woff]
[preview.colorlib.com/theme/magnews2/fonts/font-awesome-4.7.0/fonts/fontawesome-webfont3e6e.ttf]
[preview.colorlib.com/theme/magnews2/fonts/font-awesome-4.7.0/css/font-awesome.min.css]
[preview.colorlib.com/theme/magnews2/fonts/font-awesome-4.7.0/fonts/fontawesome-webfont3e6e.svg]
[preview.colorlib.com/theme/magnews2/fonts/font-awesome-4.7.0/fonts/fontawesome-webfont3e6e.svg]
